[07:45:56] [main/INFO] (FabricLoader/GameProvider) Loading Minecraft 1.20.1 with Fabric Loader 0.19.3
[07:45:56] [main/INFO] (FabricLoader) Loading 47 mods:
	- fabric-api 0.92.11+1.20.1
	- fabric-api-base 0.4.32+1802ada577
	- fabric-api-lookup-api-v1 1.6.37+1802ada577
	- fabric-biome-api-v1 13.0.15+93aa238b77
	- fabric-block-api-v1 1.0.12+1802ada577
	- fabric-block-view-api-v2 1.0.3+924f046a77
	- fabric-command-api-v1 1.2.35+f71b366f77
	- fabric-command-api-v2 2.2.14+1802ada577
	- fabric-commands-v0 0.2.52+df3654b377
	- fabric-containers-v0 0.1.68+df3654b377
	- fabric-content-registries-v0 4.0.13+1802ada577
	- fabric-convention-tags-v1 1.5.6+1802ada577
	- fabric-crash-report-info-v1 0.2.20+1802ada577
	- fabric-data-attachment-api-v1 1.0.2+de0fd6d177
	- fabric-data-generation-api-v1 12.4.0+238242b777
	- fabric-dimensions-v1 2.1.55+1802ada577
	- fabric-entity-events-v1 1.6.1+1c78457f77
	- fabric-events-interaction-v0 0.6.6+13a40c6677
	- fabric-events-lifecycle-v0 0.2.64+df3654b377
	- fabric-game-rule-api-v1 1.0.41+1802ada577
	- fabric-gametest-api-v1 1.2.15+1802ada577
	- fabric-item-api-v1 2.1.29+1802ada577
	- fabric-item-group-api-v1 4.0.14+1802ada577
	- fabric-lifecycle-events-v1 2.2.23+1802ada577
	- fabric-loot-api-v2 1.2.3+1802ada577
	- fabric-loot-tables-v1 1.1.47+9e7660c677
	- fabric-message-api-v1 5.1.10+1802ada577
	- fabric-mining-level-api-v1 2.1.52+1802ada577
	- fabric-networking-api-v1 1.3.15+0caff8d077
	- fabric-networking-v0 0.3.55+df3654b377
	- fabric-object-builder-api-v1 11.1.5+e35120df77
	- fabric-particles-v1 1.1.3+1802ada577
	- fabric-recipe-api-v1 1.0.25+1802ada577
	- fabric-registry-sync-v0 2.4.1+4c0a70e677
	- fabric-rendering-data-attachment-v1 0.3.39+92a0d36777
	- fabric-rendering-fluids-v1 3.0.29+1802ada577
	- fabric-resource-conditions-api-v1 2.3.9+1802ada577
	- fabric-resource-loader-v0 0.11.12+fb82e9d777
	- fabric-screen-handler-api-v1 1.3.34+1802ada577
	- fabric-tag-api-v1 1.3.0+238242b777
	- fabric-transfer-api-v1 3.3.6+8dd72ea377
	- fabric-transitive-access-wideners-v1 4.3.2+1802ada577
	- fabricloader 0.19.3
	- java 21
	- minecraft 1.20.1
	- mixinextras 0.5.4
	- sdzjz 0.1.530+mc1.20.1
[07:45:56] [main/INFO] (FabricLoader/Mixin) SpongePowered MIXIN Subsystem Version=0.8.7 Source=file:/home/runner/.gradle/caches/modules-2/files-2.1/net.fabricmc/sponge-mixin/0.17.3+mixin.0.8.7/41c4a3984a80f4679e759fb9f495587acc5cdac7/sponge-mixin-0.17.3+mixin.0.8.7.jar Service=Knot/Fabric Env=SERVER
[07:45:56] [main/INFO] (FabricLoader/Mixin) Loaded Fabric development mappings for mixin remapper!
[07:45:56] [main/INFO] (FabricLoader/Mixin) Compatibility level set to JAVA_16
[07:45:56] [main/INFO] (FabricLoader/Mixin) Compatibility level set to JAVA_17
[07:45:56] [main/INFO] (FabricLoader/MixinExtras|Service) Initializing MixinExtras via com.llamalad7.mixinextras.service.MixinExtrasServiceImpl(version=0.5.4).
[07:46:03] [main/INFO] (sdzjz) [sdzjz] 1.20.1 旧世代 bootstrap 在岗：Common 层已挂载（CraftPlanner/CoreScheduler/MobDrops 可达）；存储网络+数据面板服务端半已上线（m443/m444/m447），面板客户端屏随 m448
[07:46:03] [main/ERROR] (Minecraft) Failed to load properties from file: server.properties
java.nio.file.NoSuchFileException: server.properties
	at sun.nio.fs.UnixException.translateToIOException(UnixException.java:92) ~[?:?]
	at sun.nio.fs.UnixException.rethrowAsIOException(UnixException.java:106) ~[?:?]
	at sun.nio.fs.UnixException.rethrowAsIOException(UnixException.java:111) ~[?:?]
	at sun.nio.fs.UnixFileSystemProvider.newByteChannel(UnixFileSystemProvider.java:261) ~[?:?]
	at java.nio.file.Files.newByteChannel(Files.java:380) ~[?:?]
	at java.nio.file.Files.newByteChannel(Files.java:432) ~[?:?]
	at java.nio.file.spi.FileSystemProvider.newInputStream(FileSystemProvider.java:420) ~[?:?]
	at java.nio.file.Files.newInputStream(Files.java:160) ~[?:?]
	at net.minecraft.server.dedicated.Settings.loadFromFile(Settings.java:62) ~[minecraft-merged-b7a764897f-1.20.1-loom.mappings.1_20_1.layered+hash.2198-v2.jar:?]
	at net.minecraft.server.dedicated.DedicatedServerProperties.fromFile(DedicatedServerProperties.java:137) ~[minecraft-merged-b7a764897f-1.20.1-loom.mappings.1_20_1.layered+hash.2198-v2.jar:?]
	at net.minecraft.server.dedicated.DedicatedServerSettings.<init>(DedicatedServerSettings.java:12) ~[minecraft-merged-b7a764897f-1.20.1-loom.mappings.1_20_1.layered+hash.2198-v2.jar:?]
	at net.minecraft.server.Main.main(Main.java:115) ~[minecraft-merged-b7a764897f-1.20.1-loom.mappings.1_20_1.layered+hash.2198-v2.jar:?]
	at net.fabricmc.loader.impl.game.minecraft.MinecraftGameProvider.launch(MinecraftGameProvider.java:514) ~[fabric-loader-0.19.3.jar:?]
	at net.fabricmc.loader.impl.launch.knot.Knot.launch(Knot.java:72) ~[fabric-loader-0.19.3.jar:?]
	at net.fabricmc.loader.impl.launch.knot.KnotServer.main(KnotServer.java:23) ~[fabric-loader-0.19.3.jar:?]
	at net.fabricmc.devlaunchinjector.Main.main(Main.java:86) ~[dev-launch-injector-0.2.1+build.8.jar:?]
[07:46:03] [main/WARN] (Minecraft) Failed to load eula.txt
[07:46:03] [main/INFO] (Minecraft) Environment: authHost='https://authserver.mojang.com', accountsHost='https://api.mojang.com', sessionHost='https://sessionserver.mojang.com', servicesHost='https://api.minecraftservices.com', name='PROD'
[07:46:04] [main/INFO] (FabricGameTestHelper) Starting test server
[07:46:05] [main/INFO] (Minecraft) Loaded 7 recipes
[07:46:06] [main/INFO] (Minecraft) Loaded 1272 advancements
[07:46:06] [main/INFO] (BiomeModificationImpl) Applied 0 biome modifications to 0 of 64 new biomes in 1.776 ms
[07:46:07] [Server thread/INFO] (Minecraft) Preparing start region for dimension minecraft:overworld
[07:46:08] [Worker-Main-1/INFO] (Minecraft) Preparing spawn area: 0%
[07:46:08] [Worker-Main-3/INFO] (Minecraft) Preparing spawn area: 0%
[07:46:08] [Worker-Main-2/INFO] (Minecraft) Preparing spawn area: 9%
[07:46:08] [Worker-Main-3/INFO] (Minecraft) Preparing spawn area: 44%
[07:46:09] [Server thread/INFO] (Minecraft) Time elapsed: 2000 ms
[07:46:09] [Server thread/INFO] (Minecraft) Started game test server
[07:46:10] [Server thread/INFO] (Minecraft) Running test batch 'defaultBatch:1' (73 tests)...
[07:46:10] [Server thread/INFO] (Minecraft) 73 tests are now running!
[07:46:10] [Server thread/INFO] (sdzjz) 结构核心 BlockPos{x=0, y=-59, z=54} 旧档自愈：1 个节点的画布坐标键 xc/yc 已迁为 nx/ny（m474 键位归位）
[07:46:10] [Server thread/ERROR] (FabricGameTestHelper) Exception occurred when invoking test method super_bench_recipe_ids_resolvable_or_ledgered in (com.sdzjz.retro.RetroBenchTests)
java.lang.reflect.InvocationTargetException: null
	at jdk.internal.reflect.DirectMethodHandleAccessor.invoke(DirectMethodHandleAccessor.java:118) ~[?:?]
	at java.lang.reflect.Method.invoke(Method.java:580) ~[?:?]
	at net.fabricmc.fabric.impl.gametest.FabricGameTestHelper.invokeTestMethod(FabricGameTestHelper.java:117) ~[fabric-gametest-api-v1-1.2.15+1802ada577.jar:?]
	at net.fabricmc.fabric.api.gametest.v1.FabricGameTest.invokeTestMethod(FabricGameTest.java:44) ~[fabric-gametest-api-v1-1.2.15+1802ada577.jar:?]
	at net.fabricmc.fabric.impl.gametest.FabricGameTestHelper.lambda$getTestMethodInvoker$1(FabricGameTestHelper.java:108) ~[fabric-gametest-api-v1-1.2.15+1802ada577.jar:?]
	at net.minecraft.gametest.framework.TestFunction.run(TestFunction.java:45) ~[minecraft-merged-b7a764897f-1.20.1-loom.mappings.1_20_1.layered+hash.2198-v2.jar:?]
	at net.minecraft.gametest.framework.GameTestInfo.startTest(GameTestInfo.java:126) ~[minecraft-merged-b7a764897f-1.20.1-loom.mappings.1_20_1.layered+hash.2198-v2.jar:?]
	at net.minecraft.gametest.framework.GameTestInfo.tickInternal(GameTestInfo.java:90) ~[minecraft-merged-b7a764897f-1.20.1-loom.mappings.1_20_1.layered+hash.2198-v2.jar:?]
	at net.minecraft.gametest.framework.GameTestInfo.tick(GameTestInfo.java:73) ~[minecraft-merged-b7a764897f-1.20.1-loom.mappings.1_20_1.layered+hash.2198-v2.jar:?]
	at java.util.concurrent.CopyOnWriteArrayList.forEach(CopyOnWriteArrayList.java:891) ~[?:?]
	at net.minecraft.gametest.framework.GameTestTicker.tick(GameTestTicker.java:20) ~[minecraft-merged-b7a764897f-1.20.1-loom.mappings.1_20_1.layered+hash.2198-v2.jar:?]
	at net.minecraft.server.MinecraftServer.handler$zdn000$fabric-gametest-api-v1$tickWorlds(MinecraftServer.java:2825) ~[minecraft-merged-b7a764897f-1.20.1-loom.mappings.1_20_1.layered+hash.2198-v2.jar:?]
	at net.minecraft.server.MinecraftServer.tickChildren(MinecraftServer.java:910) ~[minecraft-merged-b7a764897f-1.20.1-loom.mappings.1_20_1.layered+hash.2198-v2.jar:?]
	at net.minecraft.server.MinecraftServer.tickServer(MinecraftServer.java:824) ~[minecraft-merged-b7a764897f-1.20.1-loom.mappings.1_20_1.layered+hash.2198-v2.jar:?]
	at net.minecraft.gametest.framework.GameTestServer.tickServer(GameTestServer.java:151) ~[minecraft-merged-b7a764897f-1.20.1-loom.mappings.1_20_1.layered+hash.2198-v2.jar:?]
	at net.minecraft.server.MinecraftServer.runServer(MinecraftServer.java:671) ~[minecraft-merged-b7a764897f-1.20.1-loom.mappings.1_20_1.layered+hash.2198-v2.jar:?]
	at net.minecraft.server.MinecraftServer.method_29739(MinecraftServer.java:265) ~[minecraft-merged-b7a764897f-1.20.1-loom.mappings.1_20_1.layered+hash.2198-v2.jar:?]
	at java.lang.Thread.run(Thread.java:1583) ~[?:?]
Caused by: net.minecraft.gametest.framework.GameTestAssertException: 本世代可达配方数账面 101，实得 100（变了就改 EXPECTED_REACHABLE 并滚白名单/缺口表）
	at net.minecraft.gametest.framework.GameTestHelper.assertTrue(GameTestHelper.java:762) ~[minecraft-merged-b7a764897f-1.20.1-loom.mappings.1_20_1.layered+hash.2198-v2.jar:?]
	at com.sdzjz.retro.RetroBenchTests.super_bench_recipe_ids_resolvable_or_ledgered(RetroBenchTests.java:155) ~[main/:?]
	at jdk.internal.reflect.DirectMethodHandleAccessor.invoke(DirectMethodHandleAccessor.java:103) ~[?:?]
	... 17 more
[07:46:11] [Server thread/INFO] (Minecraft) [+++++++++++++++++++++++++++++++++++++_____+_+++_+++++++++++++++++++X+++++]
[07:46:11] [Server thread/INFO] (Minecraft) [++++++++++++++++++++++++++++++++++++++_++_+_+++++++++++++++++++++++X+++++]
[07:46:11] [Server thread/INFO] (Minecraft) [+++++++++++++++++++++++++++++++++++++++++_+++++++++++++++++++++++++X+++++]
[07:46:11] [Server thread/INFO] (Minecraft) [+++++++++++++++++++++++++++++++++++++++++_+++++++++++++++++++++++++X+++++]
[07:46:11] [Server thread/INFO] (Minecraft) [+++++++++++++++++++++++++++++++++++++++++++++++++++++++++++++++++++X+++++]
[07:46:12] [Server thread/INFO] (Minecraft) ========= 73 GAME TESTS COMPLETE ======================
[07:46:12] [Server thread/INFO] (Minecraft) 1 required tests failed :(
[07:46:12] [Server thread/INFO] (Minecraft)    - retrobenchtests.super_bench_recipe_ids_resolvable_or_ledgered
[07:46:12] [Server thread/INFO] (Minecraft) ====================================================
[07:46:12] [Server thread/INFO] (Minecraft) Stopping server
[07:46:12] [Server thread/INFO] (Minecraft) Saving players
[07:46:12] [Server thread/INFO] (Minecraft) Saving worlds
[07:46:13] [Server thread/INFO] (Minecraft) Saving chunks for level 'ServerLevel[Test Level]'/minecraft:overworld
[07:46:13] [Server thread/INFO] (Minecraft) Saving chunks for level 'ServerLevel[Test Level]'/minecraft:the_nether
[07:46:13] [Server thread/INFO] (Minecraft) Saving chunks for level 'ServerLevel[Test Level]'/minecraft:the_end
[07:46:13] [Server thread/INFO] (Minecraft) ThreadedAnvilChunkStorage (world): All chunks are saved
[07:46:13] [Server thread/INFO] (Minecraft) ThreadedAnvilChunkStorage (DIM-1): All chunks are saved
[07:46:13] [Server thread/INFO] (Minecraft) ThreadedAnvilChunkStorage (DIM1): All chunks are saved
[07:46:13] [Server thread/INFO] (Minecraft) ThreadedAnvilChunkStorage: All dimensions are saved
[07:46:13] [Server thread/INFO] (Minecraft) Game test server shutting down
